// Jest Snapshot v1, https://goo.gl/fbAQLP

exports[`<Home /> component should match snapshot 1`] = `
.c0 {
  -webkit-align-items: center;
  -webkit-box-align: center;
  -ms-flex-align: center;
  align-items: center;
  background-color: #f0f0f0;
  display: -webkit-box;
  display: -webkit-flex;
  display: -ms-flexbox;
  display: flex;
  -webkit-flex-direction: column;
  -ms-flex-direction: column;
  flex-direction: column;
  height: 100%;
  -webkit-box-pack: center;
  -webkit-justify-content: center;
  -ms-flex-pack: center;
  justify-content: center;
  padding: 2rem 1rem;
  text-align: center;
  width: 100%;
}

<main
  class="c0"
>
  <h1>
    next.js, typescript and styled-components boilerplate
  </h1>
  <p>
    A simple project starter to work with TypeScript, React, Next.js and Styled-Components.
  </p>
</main>
`;
